NtAcceptConnectPort 6
NtAccessCheck 8
NtAccessCheckAndAuditAlarm 11
NtAccessCheckByType 11
NtAccessCheckByTypeAndAuditAlarm 16
NtAccessCheckByTypeResultList 11
NtAccessCheckByTypeResultListAndAuditAlarm 16
NtAccessCheckByTypeResultListAndAuditAlarmByHandle 17
NtAddAtom 3
NtAddBootEntry 2
NtAddDriverEntry 2
NtAdjustGroupsToken 6
NtAdjustPrivilegesToken 6
NtAlertResumeThread 2
NtAlertThread 1
NtAllocateLocallyUniqueId 1
NtAllocateUserPhysicalPages 3
NtAllocateUuids 4
NtAllocateVirtualMemory 6
NtApphelpCacheControl 2
NtAreMappedFilesTheSame 2
NtAssignProcessToJobObject 2
NtCallbackReturn 3
NtCancelIoFile 2
NtCancelTimer 2
NtClearEvent 1
NtClose 1
NtCloseObjectAuditAlarm 3
NtCompactKeys 2
NtCompareTokens 3
NtCompleteConnectPort 1
NtCompressKey 1
NtConnectPort 8
NtContinue 2
NtCreateDebugObject 4
NtCreateDirectoryObject 3
NtCreateEvent 5
NtCreateEventPair 3
NtCreateFile 11
NtCreateIoCompletion 4
NtCreateJobObject 3
NtCreateJobSet 3
NtCreateKey 7
NtCreateMailslotFile 8
NtCreateMutant 4
NtCreateNamedPipeFile 14
NtCreatePagingFile 4
NtCreatePort 5
NtCreateProcess 8
NtCreateProcessEx 9
NtCreateProfile 9
NtCreateSection 7
NtCreateSemaphore 5
NtCreateSymbolicLinkObject 4
NtCreateThread 8
NtCreateTimer 4
NtCreateToken 13
NtCreateWaitablePort 5
NtDebugActiveProcess 2
NtDebugContinue 3
NtDelayExecution 2
NtDeleteAtom 1
NtDeleteBootEntry 1
NtDeleteDriverEntry 1
NtDeleteFile 1
NtDeleteKey 1
NtDeleteObjectAuditAlarm 3
NtDeleteValueKey 2
NtDeviceIoControlFile 10
NtDisplayString 1
NtDuplicateObject 7
NtDuplicateToken 6
NtEnumerateBootEntries 2
NtEnumerateDriverEntries 2
NtEnumerateKey 6
NtEnumerateSystemEnvironmentValuesEx 3
NtEnumerateValueKey 6
NtExtendSection 2
NtFilterToken 6
NtFindAtom 3
NtFlushBuffersFile 2
NtFlushInstructionCache 3
NtFlushKey 1
NtFlushVirtualMemory 4
NtFlushWriteBuffer 0
NtFreeUserPhysicalPages 3
NtFreeVirtualMemory 4
NtFsControlFile 10
NtGetContextThread 2
NtGetDevicePowerState 2
NtGetPlugPlayEvent 4
NtGetWriteWatch 7
NtImpersonateAnonymousToken 1
NtImpersonateClientOfPort 2
NtImpersonateThread 3
NtInitializeRegistry 1
NtInitiatePowerAction 4
NtIsProcessInJob 2
NtIsSystemResumeAutomatic 0
NtListenPort 2
NtLoadDriver 1
NtLoadKey 2
NtLoadKey2 3
NtLoadKeyEx 7
NtLockFile 10
NtLockProductActivationKeys 2
NtLockRegistryKey 1
NtLockVirtualMemory 4
NtMakePermanentObject 1
NtMakeTemporaryObject 1
NtMapUserPhysicalPages 3
NtMapUserPhysicalPagesScatter 3
NtMapViewOfSection 10
NtModifyBootEntry 1
NtModifyDriverEntry 1
NtNotifyChangeDirectoryFile 9
NtNotifyChangeKey 10
NtNotifyChangeMultipleKeys 12
NtOpenDirectoryObject 3
NtOpenEvent 3
NtOpenEventPair 3
NtOpenFile 6
NtOpenIoCompletion 3
NtOpenJobObject 3
NtOpenKey 3
NtOpenMutant 3
NtOpenObjectAuditAlarm 12
NtOpenProcess 4
NtOpenProcessToken 3
NtOpenProcessTokenEx 4
NtOpenSection 3
NtOpenSemaphore 3
NtOpenSymbolicLinkObject 3
NtOpenThread 4
NtOpenThreadToken 4
NtOpenThreadTokenEx 5
NtOpenTimer 3
NtPlugPlayControl 3
NtPowerInformation 5
NtPrivilegeCheck 3
NtPrivilegedServiceAuditAlarm 5
NtPrivilegeObjectAuditAlarm 6
NtProtectVirtualMemory 5
NtPulseEvent 2
NtQueryAttributesFile 2
NtQueryBootEntryOrder 2
NtQueryBootOptions 2
NtQueryDebugFilterState 2
NtQueryDefaultLocale 2
NtQueryDefaultUILanguage 1
NtQueryDirectoryFile 11
NtQueryDirectoryObject 7
NtQueryDriverEntryOrder 2
NtQueryEaFile 9
NtQueryEvent 5
NtQueryFullAttributesFile 2
NtQueryInformationAtom 5
NtQueryInformationFile 5
NtQueryInformationJobObject 5
NtQueryInformationPort 5
NtQueryInformationProcess 5
NtQueryInformationThread 5
NtQueryInformationToken 5
NtQueryInstallUILanguage 1
NtQueryIntervalProfile 2
NtQueryIoCompletion 5
NtQueryKey 5
NtQueryMultipleValueKey 6
NtQueryMutant 5
NtQueryObject 5
NtQueryOpenSubKeys 2
NtQueryOpenSubKeysEx 4
NtQueryPerformanceCounter 2
NtQueryQuotaInformationFile 9
NtQuerySection 5
NtQuerySecurityObject 5
NtQuerySemaphore 5
NtQuerySymbolicLinkObject 3
NtQuerySystemEnvironmentValue 4
NtQuerySystemEnvironmentValueEx 5
NtQuerySystemInformation 4
NtQuerySystemTime 1
NtQueryTimer 5
NtQueryTimerResolution 3
NtQueryValueKey 6
NtQueryVirtualMemory 6
NtQueryVolumeInformationFile 5
NtQueueApcThread 5
NtRaiseException 3
NtRaiseHardError 6
NtReadFile 9
NtReadFileScatter 9
NtReadRequestData 6
NtReadVirtualMemory 5
NtRegisterThreadTerminatePort 1
NtReleaseMutant 2
NtReleaseSemaphore 3
NtRemoveIoCompletion 5
NtRemoveProcessDebug 2
NtReplaceKey 3
NtReplyPort 2
NtReplyWaitReceivePort 4
NtReplyWaitReceivePortEx 5
NtReplyWaitReplyPort 2
NtRequestPort 2
NtRequestWaitReplyPort 3
NtRequestWakeupLatency 1
NtResetEvent 2
NtResetWriteWatch 3
NtRestoreKey 3
NtResumeProcess 1
NtResumeThread 2
NtSaveKey 2
NtSaveKeyEx 3
NtSaveMergedKeys 3
NtSecureConnectPort 9
NtSetBootEntryOrder 2
NtSetBootOptions 2
NtSetContextThread 2
NtSetDebugFilterState 3
NtSetDefaultHardErrorPort 1
NtSetDefaultLocale 2
NtSetDefaultUILanguage 1
NtSetDriverEntryOrder 2
NtSetEaFile 4
NtSetEvent 2
NtSetEventBoostPriority 1
NtSetHighEventPair 1
NtSetHighWaitLowEventPair 1
NtSetInformationDebugObject 5
NtSetInformationFile 5
NtSetInformationJobObject 4
NtSetInformationKey 4
NtSetInformationObject 4
NtSetInformationProcess 4
NtSetInformationThread 4
NtSetInformationToken 4
NtSetIntervalProfile 2
NtSetIoCompletion 5
NtSetLdtEntries 6
NtSetLowEventPair 1
NtSetLowWaitHighEventPair 1
NtSetQuotaInformationFile 4
NtSetSecurityObject 3
NtSetSystemEnvironmentValue 2
NtSetSystemEnvironmentValueEx 2
NtSetSystemInformation 3
NtSetSystemPowerState 3
NtSetSystemTime 2
NtSetThreadExecutionState 2
NtSetTimer 7
NtSetTimerResolution 3
NtSetUuidSeed 1
NtSetValueKey 6
NtSetVolumeInformationFile 5
NtShutdownSystem 1
NtSignalAndWaitForSingleObject 4
NtStartProfile 1
NtStopProfile 1
NtSuspendProcess 1
NtSuspendThread 2
NtSystemDebugControl 6
NtTerminateJobObject 2
NtTerminateProcess 2
NtTerminateThread 2
NtTestAlert 0
NtTraceEvent 4
NtTranslateFilePath 4
NtUnloadDriver 1
NtUnloadKey 1
NtUnloadKey2 2
NtUnloadKeyEx 2
NtUnlockFile 5
NtUnlockVirtualMemory 4
NtUnmapViewOfSection 2
NtVdmControl 2
NtWaitForDebugEvent 4
NtWaitForMultipleObjects 5
NtWaitForSingleObject 3
NtWaitHighEventPair 1
NtWaitLowEventPair 1
NtWriteFile 9
NtWriteFileGather 9
NtWriteRequestData 6
NtWriteVirtualMemory 5
NtYieldExecution 0
NtCreateKeyedEvent 4
NtOpenKeyedEvent 3
NtReleaseKeyedEvent 4
NtWaitForKeyedEvent 4
NtQueryPortInformationProcess 0
NtGetCurrentProcessorNumber 0
NtWaitForMultipleObjects32 5
