;Module Name: ptag.lst
;Copyright (c) 1985-1996, Microsoft Corporation
;
;List of pool tags.
;--------------------------------------------------------------------------------
;NOTE: Add tags to this list in alphabetical order of character tag, but leave
;      NONE as the first in the list, and MAX as the last.
;--------------------------------------------------------------------------------
;NOTE: Character constants MUST have all four letters defined - no spaces
;      are allowed.
;--------------------------------------------------------------------------------
NONE                'onsU'
ACCEL               'casU'
ATTACHINFO          'iasU'
ALTTAB              'lasU'
DEBUG               'gbsU'
CLIPBOARD           'bcsU'
CALLBACK            'ccsU'
CLIENTTHREADINFO    'icsU'
CLASS               'lcsU'
SCANCODEMAP         'mcsU'
CLIPBOARDPALETTE    'pcsU'
COLORS              'rcsU'
CHECKPT             'tcsU'
CURSOR              'ucsU'
COLORVALUES         'vcsU'
DDE1                '1dsU'
DDE2                '2dsU'
DDE3                '3dsU'
DDE4                '4dsU'
DDE5                '5dsU'
DDE6                '6dsU'
DDE7                '7dsU'
DDE8                '8dsU'
DDE9                '9dsU'
DDEa                'AdsU'
DDEb                'BdsU'
DDEc                'CdsU'
DDEd                'DdsU'
DDE                 'EdsU'
DCE                 'cdsU'
DISPLAYINFO         'idsU'
DEVMODE             'mdsU'
DRAGDROP            'sdsU'
DEVICECHANGE        'vdsU'
ERESOURCE           'resU'
EVENT               'vesU'
FULLSCREEN          'sfsU'
GDI                 'ggsU'
GHOST               'tgsU'
GRANTEDHANDLES      'hgsU'
GLOBALTHREADLOCK    'lgsU'
HOTKEY              'khsU'
HUNGLIST            'lhsU'
IMEHOTKEY           'hisU'
IME                 'misU'
W32JOB              'bjsU'
W32JOBEXTRA         'xjsU'
KBDLAYOUT           'bksU'
KBDFILE             'fksU'
KBDTRANS            'rksU'
KBDSTATE            'sksU'
KBDTABLE            'tksU'
LOOKASIDE           'alsU'
LOGDESKTOP          'dlsU'
LOCKRECORD          'rlsU'
MIRROR              'imsU'
MONITORRECTS        'rmsU'
MOVESIZE            'smsU'
MENUSTATE           'tmsU'
; don't use         'onsU'
NOTIFY              'ynsU'
PROCESSINFO         'ipsU'
POPUPMENU           'mpsU'
PROFILEUSERNAME     'npsU'
POWER		    'opsU'
PNP		    'ppsU'
PROFILE             'rpsU'
QMSG                'mqsU'
Q                   'uqsU'
RTL                 'trsU'
SMS_ASYNC           'assU'
SPB                 'bssU'
SMS_CAPTURE         'cssU'
SECURITY            'essU'
SHELL               'hssU'
SENDINPUT           'issU'
SMS                 'mssU'
SMS_STRING          'sssU'
SCROLLTRACK         'tssU'
SWP                 'wssU'
SYSTEM              'yssU'
TRACKDESKTOP        'dtsU'
THREADINFO          'itsU'
STACK               'ktsU'
TIMER               'mtsU'
TOKEN               'otsU'
TERMINAL            'rtsU'
SECTION             'stsU'
TEXT                'xtsU'
TEXT2               'ytsU'
UNICODEBUFFER       'busU'
VISRGN              'ivsU'
VWPL                'lvsU'
WINDOW              'dwsU'
WINEVENT            'ewsU'
WINDOWLIST          'lwsU'
WOWTDB              'owsU'
WOWPROCESSINFO      'pwsU'
WOWSEL              'swsU'
WOWTHREADINFO       'twsU'
MAX                 'zzsu'
;NOTE: Add tags to this list in alphabetical order of character tag, but leave
;      NONE as the first in the list, and MAX as the last.
;NOTE: Character constants MUST have all four letters defined - no spaces
;      are allowed.
