fnCOPYDATA
fnCOPYGLOBALDATA
fnDWORD
fnDWORDOPTINLPMSG
fnINOUTDRAG
fnGETTEXTLENGTHS
fnINCNTOUTSTRING
fnINCNTOUTSTRINGNULL
fnINLPCOMPAREITEMSTRUCT
fnINLPCREATESTRUCT
fnINLPDELETEITEMSTRUCT
fnINLPDRAWITEMSTRUCT
fnINLPHELPINFOSTRUCT
fnINLPHLPSTRUCT
fnINLPMDICREATESTRUCT
fnINOUTLPMEASUREITEMSTRUCT
fnINLPWINDOWPOS
fnINOUTLPPOINT5
fnINOUTLPSCROLLINFO
fnINOUTLPRECT
fnINOUTNCCALCSIZE
fnINOUTLPWINDOWPOS
fnINPAINTCLIPBRD
fnINSIZECLIPBRD
fnINDESTROYCLIPBRD
fnINSTRING
fnINSTRINGNULL
fnINDEVICECHANGE
fnINOUTNEXTMENU
fnLOGONNOTIFY
fnOPTOUTLPDWORDOPTOUTLPDWORD
fnOUTDWORDDWORD
fnOUTDWORDINDWORD
fnOUTLPRECT
fnOUTSTRING
fnPOPTINLPUINT
fnPOUTLPINT
fnSENTDDEMSG
fnINOUTSTYLECHANGE
fnHkINDWORD
fnHkINLPCBTACTIVATESTRUCT
fnHkINLPCBTCREATESTRUCT
fnHkINLPDEBUGHOOKSTRUCT
fnHkINLPMOUSEHOOKSTRUCTEX
fnHkINLPKBDLLHOOKSTRUCT
fnHkINLPMSLLHOOKSTRUCT

#ifdef REDIRECTION
fnHkINLPHTHOOKSTRUCT
fnHkINLPPOINT
#endif // REDIRECTION

fnHkINLPMSG
fnHkINLPRECT
fnHkOPTINLPEVENTMSG
ClientCopyDDEIn1
ClientCopyDDEIn2
ClientCopyDDEOut1
ClientCopyDDEOut2
ClientCopyImage
ClientEventCallback
ClientFindMnemChar
ClientFontSweep
ClientFreeDDEHandle
ClientFreeLibrary
ClientGetCharsetInfo
ClientGetDDEFlags
ClientGetDDEHookData
ClientGetListboxString
ClientLoadImage
ClientLoadLibrary
ClientLoadMenu
ClientLoadLocalT1Fonts
ClientLoadRemoteT1Fonts
ClientPSMTextOut
ClientLpkDrawTextEx
ClientExtTextOutW
ClientGetTextExtentPointW
ClientCharToWchar
ClientAddFontResourceW
ClientThreadSetup
ClientDeliverUserApc
ClientNoMemoryPopup
ClientMonitorEnumProc
ClientCallWinEventProc
ClientWOWGetProcModule
#ifdef FE_IME
ClientImmLoadLayout
ClientImmProcessKey
fnIMECONTROL
#endif
#ifdef FE_SB
fnINWPARAMDBCSCHAR
fnGETDBCSTEXTLENGTHS
#endif
fnINLPKDRAWSWITCHWND

/*
 * OLE Drag and drop and menus
 */
ClientLoadOLE
ClientRegisterDragDrop
ClientRevokeDragDrop
fnINOUTMENUGETOBJECT

/*
 * User-mode printer drivers
 */
ClientPrinterThunk
