;
; This file contains the list of functions that use the generic NtUserCall* stubs.
; Each function should be classified in the proper BeginTranslate / EndTranslate
; range based on the number of parameters, their type and the return value.
; They are sorted alphabetically (ignoring the prefix)
;
BeginTranslateTable
;
;;;;;;;;;;;;;;;;;;;;;;;;;;;;;;;;;;;;;;;;;;;;;;;;;;;;;;;;;;;;;;;;;;;;;;;;;;;;;;;;
;
; NtUserCallNoParam
;
BeginTranslateNoParam
;
BeginTranslateNoParamAndReturnHandle
;
_CreateMenu
_CreatePopupMenu
;
EndTranslateNoParamAndReturnHandle
;
zzzDestroyCaret
_GetIMEShowStatus
xxxGetInputDesktop
_GetMessagePos
zzzHideCursorNoCapture
_LoadCursorsAndIcons
xxxReleaseCapture
_ResetDblClk
ZapActiveAndFocus
xxxRemoteDisconnect
RemoteLogoff
RemoteNtSecurity
xxxRemoteShadowSetup
xxxRemoteShadowStop
xxxRemotePassthruEnable
RemotePassthruDisable
RemoteConnectState
xxxUserPowerCalloutWorker
GetDeviceChangeInfo
ClearWakeMask
;
EndTranslateNoParam
;
;;;;;;;;;;;;;;;;;;;;;;;;;;;;;;;;;;;;;;;;;;;;;;;;;;;;;;;;;;;;;;;;;;;;;;;;;;;;;;;;
;
; NtUserCallOneParam
;
BeginTranslateOneParam
;
BeginTranslateOneParamAndReturnHandle
;
_BeginDeferWindowPos
_WindowFromDC
;
EndTranslateOneParamAndReturnHandle
;
xxxAllowSetForegroundWindow
_CreateEmptyCursorObject
_CsDdeUninitialize
; CurrentTaskLock -- WOW is not using this but the might some day
xxxDirectedYield
_EnumClipboardFormats
xxxGetInputEvent
_GetKeyboardLayout
_GetKeyboardType
_GetQueueStatus
_LockSetForegroundWindow
xxxLW_LoadFonts
_MapDesktopObject
xxxMessageBeep
PlayEventSound
_PostQuitMessage
xxxRealizePalette
RegisterLPK
_ReleaseDC
_ReplyMessage
_SetCaretBlinkTime
_SetDoubleClickTime
zzzShowCursor
zzzShowStartGlass
_SwapMouseButton
_SetMessageExtraInfo
_WOWModuleUnload
xxxSetIMEShowStatus
#ifdef USE_MIRRORING
_GetProcessDefaultLayout
_SetProcessDefaultLayout
#endif
xxxRemoteReconnect
RemoteThinwireStats
_GetWinStationInfo
PrepareForLogoff

#ifdef REDIRECTION
xxxGetCursorPos
#endif // REDIRECTION

;
EndTranslateOneParam
;
;;;;;;;;;;;;;;;;;;;;;;;;;;;;;;;;;;;;;;;;;;;;;;;;;;;;;;;;;;;;;;;;;;;;;;;;;;;;;;;;
;
; NtUserCallHwnd
;
BeginTranslateHwnd
;
_DeregisterShellHookWindow
DWP_GetEnabledPopup
_GetWindowContextHelpId
_RegisterShellHookWindow
SetMsgBox
;
EndTranslateHwnd
;
;;;;;;;;;;;;;;;;;;;;;;;;;;;;;;;;;;;;;;;;;;;;;;;;;;;;;;;;;;;;;;;;;;;;;;;;;;;;;;;;
;
; NtUserCallHwndOpt
;
BeginTranslateHwndOpt
;
_SetProgmanWindow
_SetTaskmanWindow
;
EndTranslateHwndOpt
;
;;;;;;;;;;;;;;;;;;;;;;;;;;;;;;;;;;;;;;;;;;;;;;;;;;;;;;;;;;;;;;;;;;;;;;;;;;;;;;;;
;
; NtUserCallHwndParam
;
BeginTranslateHwndParam
;
BeginTranslateHwndParamAndReturnHandle
;
GetClassIcoCur
;
EndTranslateHwndParamAndReturnHandle
;
ClearWindowState
_KillSystemTimer
SetDialogPointer
SetVisible
_SetWindowContextHelpId
SetWindowState
;
EndTranslateHwndParam
;
;;;;;;;;;;;;;;;;;;;;;;;;;;;;;;;;;;;;;;;;;;;;;;;;;;;;;;;;;;;;;;;;;;;;;;;;;;;;;;;;
;
; NtUserCallHwndLock
;
BeginTranslateHwndLock
;
xxxArrangeIconicWindows
xxxDrawMenuBar
xxxGetSysMenuHandle
xxxRedrawFrame
xxxRedrawFrameAndHook
xxxSetDialogSystemMenu
xxxStubSetForegroundWindow
xxxSetSysMenu
xxxUpdateClientRect
xxxUpdateWindow
xxxUpdateWindows
xxxCheckImeShowStatusInThread
;
EndTranslateHwndLock
;
;;;;;;;;;;;;;;;;;;;;;;;;;;;;;;;;;;;;;;;;;;;;;;;;;;;;;;;;;;;;;;;;;;;;;;;;;;;;;;;;
;
; NtUserCallHwndParamLock
;
BeginTranslateHwndParamLock
;
xxxEnableWindow
xxxRedrawTitle
xxxShowOwnedPopups
xxxSwitchToThisWindow
xxxValidateRgn
xxxBroadcastImeShowStatusChange
;
EndTranslateHwndParamLock
;
;;;;;;;;;;;;;;;;;;;;;;;;;;;;;;;;;;;;;;;;;;;;;;;;;;;;;;;;;;;;;;;;;;;;;;;;;;;;;;;
;
; NtUserCallTwoParam
;
BeginTranslateTwoParam
;
GetHDevName
InitAnsiOem
_RegisterLogonProcess
zzzRegisterSystemThread
xxxRegisterUserHungAppHandlers
zzzSetCaretPos
zzzSetCursorPos
zzzUnhookWindowsHook
_WOWCleanup
RemoteShadowStart
RemoteShadowCleanup
NlsKbdSendIMENotification
;
EndTranslateTwoParam
;
;;;;;;;;;;;;;;;;;;;;;;;;;;;;;;;;;;;;;;;;;;;;;;;;;;;;;;;;;;;;;;;;;;;;;;;;;;;;;;;
;
EndTranslateTable
