NtAcceptConnectPort ZwAcceptConnectPort 6
NtAccessCheck ZwAccessCheck 8
NtAccessCheckAndAuditAlarm ZwAccessCheckAndAuditAlarm 11
NtAddAtom ZwAddAtom 3
NtAdjustGroupsToken ZwAdjustGroupsToken 6
NtAdjustPrivilegesToken ZwAdjustPrivilegesToken 6
NtAlertResumeThread ZwAlertResumeThread 2
NtAlertThread ZwAlertThread 1
NtAllocateLocallyUniqueId ZwAllocateLocallyUniqueId 1
NtAllocateUuids ZwAllocateUuids 3
NtAllocateVirtualMemory ZwAllocateVirtualMemory 6
NtCallbackReturn ZwCallbackReturn 3
NtCancelIoFile ZwCancelIoFile 2
NtCancelTimer ZwCancelTimer 2
NtClearEvent ZwClearEvent 1
NtClose ZwClose 1
NtCloseObjectAuditAlarm ZwCloseObjectAuditAlarm 3
NtCompleteConnectPort ZwCompleteConnectPort 1
NtConnectPort ZwConnectPort 8
NtContinue ZwContinue 2
NtCreateDirectoryObject ZwCreateDirectoryObject 3
NtCreateEvent ZwCreateEvent 5
NtCreateEventPair ZwCreateEventPair 3
NtCreateFile ZwCreateFile 11
NtCreateIoCompletion ZwCreateIoCompletion 4
NtCreateKey ZwCreateKey 7
NtCreateMailslotFile ZwCreateMailslotFile 8
NtCreateMutant ZwCreateMutant 4
NtCreateNamedPipeFile ZwCreateNamedPipeFile 14
NtCreatePagingFile ZwCreatePagingFile 4
NtCreatePort ZwCreatePort 5
NtCreateProcess ZwCreateProcess 8
NtCreateProfile ZwCreateProfile 9
NtCreateSection ZwCreateSection 7
NtCreateSemaphore ZwCreateSemaphore 5
NtCreateSymbolicLinkObject ZwCreateSymbolicLinkObject 4
NtCreateThread ZwCreateThread 8
NtCreateTimer ZwCreateTimer 4
NtCreateToken ZwCreateToken 13
NtCreateWaitablePort ZwCreateWaitablePort 5
NtDelayExecution ZwDelayExecution 2
NtDeleteAtom ZwDeleteAtom 1
NtDeleteFile ZwDeleteFile 1
NtDeleteKey ZwDeleteKey 1
NtDeleteObjectAuditAlarm ZwDeleteObjectAuditAlarm 3
NtDeleteValueKey ZwDeleteValueKey 2
NtDeviceIoControlFile ZwDeviceIoControlFile 10
NtDisplayString ZwDisplayString 1
NtDuplicateObject ZwDuplicateObject 7
NtDuplicateToken ZwDuplicateToken 6
NtEnumerateKey ZwEnumerateKey 6
NtEnumerateValueKey ZwEnumerateValueKey 6
NtExtendSection ZwExtendSection 2
NtFindAtom ZwFindAtom 3
NtFlushBuffersFile ZwFlushBuffersFile 2
NtFlushInstructionCache ZwFlushInstructionCache 3
NtFlushKey ZwFlushKey 1
NtFlushVirtualMemory ZwFlushVirtualMemory 4
NtFlushWriteBuffer ZwFlushWriteBuffer 0
NtFreeVirtualMemory ZwFreeVirtualMemory 4
NtFsControlFile ZwFsControlFile 10
NtGetContextThread ZwGetContextThread 2
NtGetPlugPlayEvent ZwGetPlugPlayEvent 4
NtGetTickCount ZwGetTickCount 0
NtImpersonateClientOfPort ZwImpersonateClientOfPort 2
NtImpersonateThread ZwImpersonateThread 3
NtInitializeRegistry ZwInitializeRegistry 1
NtListenPort ZwListenPort 2
NtLoadDriver ZwLoadDriver 1
NtLoadKey ZwLoadKey 2
NtLoadKey2 ZwLoadKey2 3
NtLockFile ZwLockFile 10
NtLockVirtualMemory ZwLockVirtualMemory 4
NtMakeTemporaryObject ZwMakeTemporaryObject 1
NtMapViewOfSection ZwMapViewOfSection 10
NtNotifyChangeDirectoryFile ZwNotifyChangeDirectoryFile 9
NtNotifyChangeKey ZwNotifyChangeKey 10
NtOpenDirectoryObject ZwOpenDirectoryObject 3
NtOpenEvent ZwOpenEvent 3
NtOpenEventPair ZwOpenEventPair 3
NtOpenFile ZwOpenFile 6
NtOpenIoCompletion ZwOpenIoCompletion 3
NtOpenKey ZwOpenKey 3
NtOpenMutant ZwOpenMutant 3
NtOpenObjectAuditAlarm ZwOpenObjectAuditAlarm 12
NtOpenProcess ZwOpenProcess 4
NtOpenProcessToken ZwOpenProcessToken 3
NtOpenSection ZwOpenSection 3
NtOpenSemaphore ZwOpenSemaphore 3
NtOpenSymbolicLinkObject ZwOpenSymbolicLinkObject 3
NtOpenThread ZwOpenThread 4
NtOpenThreadToken ZwOpenThreadToken 4
NtOpenTimer ZwOpenTimer 3
NtPlugPlayControl ZwPlugPlayControl 4
NtPrivilegeCheck ZwPrivilegeCheck 3
NtPrivilegedServiceAuditAlarm ZwPrivilegedServiceAuditAlarm 5
NtPrivilegeObjectAuditAlarm ZwPrivilegeObjectAuditAlarm 6
NtProtectVirtualMemory ZwProtectVirtualMemory 5
NtPulseEvent ZwPulseEvent 2
NtQueryInformationAtom ZwQueryInformationAtom 5
NtQueryAttributesFile ZwQueryAttributesFile 2
NtQueryDefaultLocale ZwQueryDefaultLocale 2
NtQueryDirectoryFile ZwQueryDirectoryFile 11
NtQueryDirectoryObject ZwQueryDirectoryObject 7
NtQueryEaFile ZwQueryEaFile 9
NtQueryEvent ZwQueryEvent 5
NtQueryFullAttributesFile ZwQueryFullAttributesFile 2
NtQueryInformationFile ZwQueryInformationFile 5
NtQueryInformationPort ZwQueryInformationPort 5
NtQueryInformationProcess ZwQueryInformationProcess 5
NtQueryInformationThread ZwQueryInformationThread 5
NtQueryInformationToken ZwQueryInformationToken 5
NtQueryIntervalProfile ZwQueryIntervalProfile 2
NtQueryIoCompletion ZwQueryIoCompletion 5
NtQueryKey ZwQueryKey 5
NtQueryMultipleValueKey ZwQueryMultipleValueKey 6
NtQueryMutant ZwQueryMutant 5
NtQueryObject ZwQueryObject 5
NtQueryOleDirectoryFile ZwQueryOleDirectoryFile 11
NtQueryPerformanceCounter ZwQueryPerformanceCounter 2
NtQuerySection ZwQuerySection 5
NtQuerySecurityObject ZwQuerySecurityObject 5
NtQuerySemaphore ZwQuerySemaphore 5
NtQuerySymbolicLinkObject ZwQuerySymbolicLinkObject 3
NtQuerySystemEnvironmentValue ZwQuerySystemEnvironmentValue 4
NtQuerySystemInformation ZwQuerySystemInformation 4
NtQuerySystemTime ZwQuerySystemTime 1
NtQueryTimer ZwQueryTimer 5
NtQueryTimerResolution ZwQueryTimerResolution 3
NtQueryValueKey ZwQueryValueKey 6
NtQueryVirtualMemory ZwQueryVirtualMemory 6
NtQueryVolumeInformationFile ZwQueryVolumeInformationFile 5
NtQueueApcThread ZwQueueApcThread 5
NtRaiseException ZwRaiseException 3
NtRaiseHardError ZwRaiseHardError 6
NtReadFile ZwReadFile 9
NtReadFileScatter ZwReadFileScatter 9
NtReadRequestData ZwReadRequestData 6
NtReadVirtualMemory ZwReadVirtualMemory 5
NtRegisterThreadTerminatePort ZwRegisterThreadTerminatePort 1
NtReleaseMutant ZwReleaseMutant 2
NtReleaseSemaphore ZwReleaseSemaphore 3
NtRemoveIoCompletion ZwRemoveIoCompletion 5
NtReplaceKey ZwReplaceKey 3
NtReplyPort ZwReplyPort 2
NtReplyWaitReceivePort ZwReplyWaitReceivePort 4
NtReplyWaitReplyPort ZwReplyWaitReplyPort 2
NtRequestPort ZwRequestPort 2
NtRequestWaitReplyPort ZwRequestWaitReplyPort 3
NtResetEvent ZwResetEvent 2
NtRestoreKey ZwRestoreKey 3
NtResumeThread ZwResumeThread 2
NtSaveKey ZwSaveKey 2
NtSetIoCompletion ZwSetIoCompletion 5
NtSetContextThread ZwSetContextThread 2
NtSetDefaultHardErrorPort ZwSetDefaultHardErrorPort 1
NtSetDefaultLocale ZwSetDefaultLocale 2
NtSetEaFile ZwSetEaFile 4
NtSetEvent ZwSetEvent 2
NtSetHighEventPair ZwSetHighEventPair 1
NtSetHighWaitLowEventPair ZwSetHighWaitLowEventPair 1
NtSetHighWaitLowThread ZwSetHighWaitLowThread 0
NtSetInformationFile ZwSetInformationFile 5
NtSetInformationKey ZwSetInformationKey 4
NtSetInformationObject ZwSetInformationObject 4
NtSetInformationProcess ZwSetInformationProcess 4
NtSetInformationThread ZwSetInformationThread 4
NtSetInformationToken ZwSetInformationToken 4
NtSetIntervalProfile ZwSetIntervalProfile 2
NtSetLdtEntries ZwSetLdtEntries 6
NtSetLowEventPair ZwSetLowEventPair 1
NtSetLowWaitHighEventPair ZwSetLowWaitHighEventPair 1
NtSetLowWaitHighThread ZwSetLowWaitHighThread 0
NtSetSecurityObject ZwSetSecurityObject 3
NtSetSystemEnvironmentValue ZwSetSystemEnvironmentValue 2
NtSetSystemInformation ZwSetSystemInformation 3
NtSetSystemPowerState ZwSetSystemPowerState 3
NtSetSystemTime ZwSetSystemTime 2
NtSetTimer ZwSetTimer 7
NtSetTimerResolution ZwSetTimerResolution 3
NtSetValueKey ZwSetValueKey 6
NtSetVolumeInformationFile ZwSetVolumeInformationFile 5
NtShutdownSystem ZwShutdownSystem 1
NtSignalAndWaitForSingleObject ZwSignalAndWaitForSingleObject 4
NtStartProfile ZwStartProfile 1
NtStopProfile ZwStopProfile 1
NtSuspendThread ZwSuspendThread 2
NtSystemDebugControl ZwSystemDebugControl 6
NtTerminateProcess ZwTerminateProcess 2
NtTerminateThread ZwTerminateThread 2
NtTestAlert ZwTestAlert 0
NtUnloadDriver ZwUnloadDriver 1
NtUnloadKey ZwUnloadKey 1
NtUnlockFile ZwUnlockFile 5
NtUnlockVirtualMemory ZwUnlockVirtualMemory 4
NtUnmapViewOfSection ZwUnmapViewOfSection 2
NtVdmControl ZwVdmControl 2
NtWaitForMultipleObjects ZwWaitForMultipleObjects 5
NtWaitForSingleObject ZwWaitForSingleObject 3
NtWaitHighEventPair ZwWaitHighEventPair 1
NtWaitLowEventPair ZwWaitLowEventPair 1
NtWriteFile ZwWriteFile 9
NtWriteFileGather ZwWriteFileGather 9
NtWriteRequestData ZwWriteRequestData 6
NtWriteVirtualMemory ZwWriteVirtualMemory 5
NtW32Call ZwW32Call 5
NtCreateChannel ZwCreateChannel 2
NtListenChannel ZwListenChannel 2
NtOpenChannel ZwOpenChannel 2
NtReplyWaitSendChannel ZwReplyWaitSendChannel 3
NtSendWaitReplyChannel ZwSendWaitReplyChannel 4
NtSetContextChannel ZwSetContextChannel 1
NtYieldExecution ZwYieldExecution 0
