+e        errno
+e        _shlInit
+e        MenuHelp
-u        MenuHelp
+e        ShowHideMenuCtl
-u        ShowHideMenuCtl
+e        GetEffectiveClientRect
-u        GetEffectiveClientRect
+e        DrawStatusTextA
-u        DrawStatusTextA
+e        CreateStatusWindowA
-u        CreateStatusWindowA
+e        CreateToolbar
-u        CreateToolbar
+e        CreateMappedBitmap
-u        CreateMappedBitmap
+e        GetWindowSubclass
-u        GetWindowSubclass
+e        MakeDragList
-u        MakeDragList
+e        LBItemFromPt
-u        LBItemFromPt
+e        DrawInsert
-u        DrawInsert
+e        CreateUpDownControl
-u        CreateUpDownControl
+e        InitCommonControls
-u        InitCommonControls
+e        InitCommonControlsEx
-u        InitCommonControlsEx
+e        CreateToolbarEx
-u        CreateToolbarEx
+e        PropertySheetA
-u        PropertySheetA
+e        CreatePropertySheetPageA
-u        CreatePropertySheetPageA
+e        DestroyPropertySheetPage
-u        DestroyPropertySheetPage
+e        DllGetVersion                                   
-u        DllGetVersion                                   
+e        DllInstall                                      
-u        DllInstall                                      
+e        _TrackMouseEvent
-u        _TrackMouseEvent
+e        FlatSB_SetScrollInfo
-u        FlatSB_SetScrollInfo
+e        FlatSB_SetScrollPos
-u        FlatSB_SetScrollPos
+e        FlatSB_SetScrollRange
-u        FlatSB_SetScrollRange
+e        FlatSB_SetScrollProp
-u        FlatSB_SetScrollProp
+e        FlatSB_GetScrollInfo
-u        FlatSB_GetScrollInfo
+e        FlatSB_GetScrollPos
-u        FlatSB_GetScrollPos
+e        FlatSB_GetScrollRange
-u        FlatSB_GetScrollRange
+e        FlatSB_GetScrollProp
-u        FlatSB_GetScrollProp
+e        FlatSB_EnableScrollBar
-u        FlatSB_EnableScrollBar
+e        FlatSB_ShowScrollBar
-u        FlatSB_ShowScrollBar
+e        InitializeFlatSB
-u        InitializeFlatSB
+e        UninitializeFlatSB
-u        UninitializeFlatSB
+e        ImageList_LoadImageA
-u        ImageList_LoadImageA
+e        ImageList_Create
-u        ImageList_Create
+e        ImageList_SetFilter
-u        ImageList_SetFilter
+e        ImageList_Destroy
-u        ImageList_Destroy
+e        ImageList_GetImageCount
-u        ImageList_GetImageCount
+e        ImageList_SetImageCount
-u        ImageList_SetImageCount
+e        ImageList_SetBkColor
-u        ImageList_SetBkColor
+e        ImageList_GetBkColor
-u        ImageList_GetBkColor
+e        ImageList_Add
-u        ImageList_Add
+e        ImageList_AddIcon
-u        ImageList_AddIcon
+e        ImageList_Replace
-u        ImageList_Replace
+e        ImageList_ReplaceIcon
-u        ImageList_ReplaceIcon
+e        ImageList_Remove
-u        ImageList_Remove
+e        ImageList_Copy
-u        ImageList_Copy
+e        ImageList_Draw
-u        ImageList_Draw
+e        ImageList_DrawEx
-u        ImageList_DrawEx
+e        ImageList_GetImageInfo
-u        ImageList_GetImageInfo
+e        ImageList_GetImageRect
-u        ImageList_GetImageRect
+e        ImageList_Merge
-u        ImageList_Merge
+e        ImageList_Write
-u        ImageList_Write
+e        ImageList_Read
-u        ImageList_Read
+e        ImageList_GetIcon
-u        ImageList_GetIcon
+e        ImageList_AddMasked
-u        ImageList_AddMasked
+e        ImageList_GetIconSize
-u        ImageList_GetIconSize
+e        ImageList_SetIconSize
-u        ImageList_SetIconSize
+e        ImageList_SetOverlayImage
-u        ImageList_SetOverlayImage
+e        ImageList_DragShowNolock
-u        ImageList_DragShowNolock
+e        ImageList_BeginDrag
-u        ImageList_BeginDrag
+e        ImageList_EndDrag
-u        ImageList_EndDrag
+e        ImageList_DragEnter
-u        ImageList_DragEnter
+e        ImageList_DragMove
-u        ImageList_DragMove
+e        ImageList_DragLeave
-u        ImageList_DragLeave
+e        ImageList_GetDragImage
-u        ImageList_GetDragImage
+e        ImageList_SetDragCursorImage
-u        ImageList_SetDragCursorImage
+e        ImageList_Duplicate
-u        ImageList_Duplicate
+e        ImageList_DrawIndirect
-u        ImageList_DrawIndirect
+e        DrawStatusTextW
-u        DrawStatusTextW
+e        CreateStatusWindowW
-u        CreateStatusWindowW
+e        PropertySheetW
-u        PropertySheetW
+e        CreatePropertySheetPageW
-u        CreatePropertySheetPageW
+e        ImageList_LoadImageW
-u        ImageList_LoadImageW
+e        InitMUILanguage
-u        InitMUILanguage
+e        GetMUILanguage
-u        GetMUILanguage
+e        Alloc
-u        Alloc
+e        ReAlloc
-u        ReAlloc
+e        Free
-u        Free
+e        GetSize
-u        GetSize
+e        Str_GetPtrA
-u        Str_GetPtrA
+e        Str_SetPtrA
-u        Str_SetPtrA
+e        Str_GetPtrW
-u        Str_GetPtrW
+e        Str_SetPtrW
-u        Str_SetPtrW
+e        CreateMRUListA
-u        CreateMRUListA
+e        FreeMRUList
-u        FreeMRUList
+e        AddMRUStringA
-u        AddMRUStringA
+e        EnumMRUListA
-u        EnumMRUListA
+e        FindMRUStringA
-u        FindMRUStringA
+e        DelMRUString
-u        DelMRUString
+e        CreateMRUListLazyA
-u        CreateMRUListLazyA
+e        CreateMRUListW
-u        CreateMRUListW
+e        AddMRUStringW
-u        AddMRUStringW
+e        FindMRUStringW
-u        FindMRUStringW
+e        EnumMRUListW
-u        EnumMRUListW
+e        CreateMRUListLazyW
-u        CreateMRUListLazyW
+e        CreatePage
-u        CreatePage
+e        CreateProxyPage
-u        CreateProxyPage
+e        AddMRUData
-u        AddMRUData
+e        FindMRUData
-u        FindMRUData
+e        DSA_Create
-u        DSA_Create
+e        DSA_Destroy
-u        DSA_Destroy
+e        DSA_GetItem
-u        DSA_GetItem
+e        DSA_GetItemPtr
-u        DSA_GetItemPtr
+e        DSA_InsertItem
-u        DSA_InsertItem
+e        DSA_SetItem
-u        DSA_SetItem
+e        DSA_DeleteItem
-u        DSA_DeleteItem
+e        DSA_DeleteAllItems
-u        DSA_DeleteAllItems
+e        DPA_Create
-u        DPA_Create
+e        DPA_Destroy
-u        DPA_Destroy
+e        DPA_Grow
-u        DPA_Grow
+e        DPA_Clone
-u        DPA_Clone
+e        DPA_GetPtr
-u        DPA_GetPtr
+e        DPA_GetPtrIndex
-u        DPA_GetPtrIndex
+e        DPA_InsertPtr
-u        DPA_InsertPtr
+e        DPA_SetPtr
-u        DPA_SetPtr
+e        DPA_DeletePtr
-u        DPA_DeletePtr
+e        DPA_DeleteAllPtrs
-u        DPA_DeleteAllPtrs
+e        DPA_Sort
-u        DPA_Sort
+e        DPA_Search
-u        DPA_Search
+e        DPA_CreateEx
-u        DPA_CreateEx
+e        DPA_LoadStream
-u        DPA_LoadStream
+e        DPA_SaveStream
-u        DPA_SaveStream
+e        DPA_Merge
-u        DPA_Merge
+e        SendNotify
-u        SendNotify
+e        SendNotifyEx
-u        SendNotifyEx
+e        StrChrA
-u        StrChrA
+e        StrRChrA
-u        StrRChrA
+e        StrCmpNA
-u        StrCmpNA
+e        StrCmpNIA
-u        StrCmpNIA
+e        StrStrA
-u        StrStrA
+e        StrStrIA
-u        StrStrIA
+e        StrCSpnA
-u        StrCSpnA
+e        StrToIntA
-u        StrToIntA
+e        StrChrW
-u        StrChrW
+e        StrRChrW
-u        StrRChrW
+e        StrCmpNW
-u        StrCmpNW
+e        StrCmpNIW
-u        StrCmpNIW
+e        StrStrW
-u        StrStrW
+e        StrStrIW
-u        StrStrIW
+e        StrCSpnW
-u        StrCSpnW
+e        StrChrIA
-u        StrChrIA
+e        StrChrIW
-u        StrChrIW
+e        StrRChrIA
-u        StrRChrIA
+e        StrRChrIW
-u        StrRChrIW
+e        StrRStrIA
-u        StrRStrIA
+e        StrRStrIW
-u        StrRStrIW
+e        StrCSpnIA
-u        StrCSpnIA
+e        StrCSpnIW
-u        StrCSpnIW
+e        IntlStrEqWorkerA
-u        IntlStrEqWorkerA
+e        IntlStrEqWorkerW
-u        IntlStrEqWorkerW
+e        SmoothScrollWindow
-u        SmoothScrollWindow
+e        DoReaderMode
-u        DoReaderMode
+e        SetPathWordBreakProc
-u        SetPathWordBreakProc
+e        DPA_EnumCallback
-u        DPA_EnumCallback
+e        DPA_DestroyCallback
-u        DPA_DestroyCallback
+e        DSA_EnumCallback
-u        DSA_EnumCallback
+e        DSA_DestroyCallback
-u        DSA_DestroyCallback
+e        SHGetProcessDword
-u        SHGetProcessDword
+e        ImageList_SetColorTable
-u        ImageList_SetColorTable
+e        LoadHandCursor
-u        LoadHandCursor
+e        UnixPaintArrow
-u        UnixPaintArrow
+e        RemoveWindowSubclass
-u        RemoveWindowSubclass
+e        SetWindowSubclass
-u        SetWindowSubclass
+e        DefSubclassProc
-u        DefSubclassProc
+e        MirrorIcon
-u        MirrorIcon
+e        _____comctl32_initDLL
-u        _____comctl32_initDLL
